2025-03-16 17:21:16,809 - INFO - Successfully fetched data for ^GSPC
2025-03-16 17:21:16,989 - INFO - Successfully fetched data for ^DJI
2025-03-16 17:21:17,139 - INFO - Successfully fetched data for ^IXIC
2025-03-16 17:21:17,285 - INFO - Successfully fetched data for ^FTSE
2025-03-16 17:21:17,443 - INFO - Successfully fetched data for ^N225
2025-03-16 17:21:17,494 - INFO - Successfully saved stock data from 2015-03-19 to 2025-03-16
2025-03-16 17:27:38,590 - INFO - Successfully fetched data for GLD
2025-03-16 17:27:38,755 - INFO - Successfully fetched data for USO
2025-03-16 17:27:38,923 - INFO - Successfully fetched data for SLV
2025-03-16 17:27:39,108 - INFO - Successfully fetched data for CPER
2025-03-16 17:27:39,406 - INFO - Successfully fetched data for JJN
2025-03-16 17:27:39,706 - INFO - Successfully fetched data for PALL
2025-03-16 17:27:39,989 - INFO - Successfully fetched data for JO
2025-03-16 17:28:57,832 - INFO - Successfully fetched data for GLD
2025-03-16 17:28:57,981 - INFO - Successfully fetched data for USO
2025-03-16 17:28:58,149 - INFO - Successfully fetched data for SLV
2025-03-16 17:28:58,315 - INFO - Successfully fetched data for CPER
2025-03-16 17:28:58,482 - INFO - Successfully fetched data for JJN
2025-03-16 17:28:58,630 - INFO - Successfully fetched data for PALL
2025-03-16 17:28:58,764 - INFO - Successfully fetched data for JO
2025-03-16 17:28:58,934 - INFO - Successfully fetched data for CORN
2025-03-16 17:28:59,081 - INFO - Successfully fetched data for WEAT
2025-03-16 17:28:59,134 - INFO - Successfully saved data to fund_bot\data\commodities.parquet
2025-03-16 17:28:59,137 - INFO - Successfully saved commodities data from 2015-03-19 to 2025-03-16
2025-03-16 17:32:16,924 - INFO - Successfully fetched data for VNQ
2025-03-16 17:32:17,326 - INFO - Successfully fetched data for IYR
2025-03-16 17:32:17,691 - INFO - Successfully fetched data for SCHH
2025-03-16 17:32:18,058 - INFO - Successfully fetched data for RWR
2025-03-16 17:32:18,370 - INFO - Successfully fetched data for REET
2025-03-16 17:32:18,396 - INFO - Successfully saved real estate data from 2015-03-19 to 2025-03-16
2025-03-16 17:33:12,300 - ERROR - Error fetching USD/EUR for 2015-03-19: Expecting value: line 1 column 1 (char 0)
2025-03-16 17:33:13,399 - ERROR - Error fetching USD/JPY for 2015-03-19: Expecting value: line 1 column 1 (char 0)
2025-03-16 17:33:14,450 - ERROR - Error fetching USD/GBP for 2015-03-19: Expecting value: line 1 column 1 (char 0)
2025-03-16 17:33:15,472 - ERROR - Error fetching USD/CHF for 2015-03-19: Expecting value: line 1 column 1 (char 0)
2025-03-16 17:33:16,512 - ERROR - Error fetching USD/AUD for 2015-03-19: Expecting value: line 1 column 1 (char 0)
2025-03-16 17:33:17,545 - ERROR - Error fetching USD/EUR for 2015-04-18: Expecting value: line 1 column 1 (char 0)
2025-03-16 17:33:18,581 - ERROR - Error fetching USD/JPY for 2015-04-18: Expecting value: line 1 column 1 (char 0)
2025-03-16 17:33:19,635 - ERROR - Error fetching USD/GBP for 2015-04-18: Expecting value: line 1 column 1 (char 0)
2025-03-16 17:33:20,680 - ERROR - Error fetching USD/CHF for 2015-04-18: Expecting value: line 1 column 1 (char 0)
2025-03-16 17:33:21,713 - ERROR - Error fetching USD/AUD for 2015-04-18: Expecting value: line 1 column 1 (char 0)
2025-03-16 17:33:23,754 - ERROR - Error fetching USD/EUR for 2015-05-18: Expecting value: line 1 column 1 (char 0)
2025-03-16 17:33:39,813 - ERROR - Error fetching USD/JPY for 2015-05-18: Expecting value: line 1 column 1 (char 0)
2025-03-16 17:33:47,873 - ERROR - Error fetching USD/GBP for 2015-05-18: Expecting value: line 1 column 1 (char 0)
2025-03-16 17:34:14,040 - INFO - Successfully fetched data for DGS10
2025-03-16 17:34:14,674 - INFO - Successfully fetched data for DGS2
2025-03-16 17:34:15,310 - INFO - Successfully fetched data for DGS30
2025-03-16 17:34:15,625 - INFO - Successfully fetched data for AAA
2025-03-16 17:34:15,959 - INFO - Successfully fetched data for BAA
2025-03-16 17:34:16,025 - INFO - Successfully saved bond data from 2015-03-19 to 2025-03-16
2025-03-16 17:34:38,456 - INFO - Successfully fetched data for BTCUSDT
2025-03-16 17:34:39,568 - INFO - Successfully fetched data for ETHUSDT
2025-03-16 17:34:40,676 - INFO - Successfully fetched data for BNBUSDT
2025-03-16 17:34:41,787 - INFO - Successfully fetched data for XRPUSDT
2025-03-16 17:34:42,907 - INFO - Successfully fetched data for ADAUSDT
2025-03-16 17:34:43,950 - INFO - Successfully saved crypto data from 2015-03-19 to 2025-03-16
2025-03-16 17:39:11,203 - INFO - Successfully fetched EURUSD=X from 2015-03-19 to 2025-03-16
2025-03-16 17:39:12,520 - INFO - Successfully fetched USDJPY=X from 2015-03-19 to 2025-03-16
2025-03-16 17:39:13,837 - INFO - Successfully fetched GBPUSD=X from 2015-03-19 to 2025-03-16
2025-03-16 17:39:15,156 - INFO - Successfully fetched USDCHF=X from 2015-03-19 to 2025-03-16
2025-03-16 17:39:16,454 - INFO - Successfully fetched AUDUSD=X from 2015-03-19 to 2025-03-16
2025-03-16 17:39:17,491 - INFO - Successfully saved forex data from 2015-03-19 to 2025-03-16
